dein die es hin im ins project recht scheu soldat
erhalten goetter hundert kommt meinen meiner mephistopheles schon seis und
bessre bunten donnert entfaltet fort heitrer project satan so tun
den ein freuden knabe lebt mit reiche schlaf ueber wir
auch bueckt by explanation helm kraeften und vernunft wo zu
