(( ,(((((z,H),(k,((y,(((((((#,%),($,@)),6),(4,(([,]),7))),(Q,X)),(q,((8,3),0))),C)),R))),l),((,,(.,(v,F))),c)),e)),(((i,(d,u)),(((((((-,((Y,((5,9),2)),(x,1))),?),P),(U,L)),g),((((K,(Z,(J,((*,/),")))),W),(G,p)),m)),n)),(((a,((((O,(j,))),:),w),(S,((N,((,V)),A)))),(h,((f,(M,I)),o))),((t,((E,(!,(B,(;,')))),(b,(T,D)))),(s,r)))))
